5 outer folds x 16 configurations

fold 1: train[0:1436317] (1,436,317, benign 418)  test[1436317:1867212] (430,895, benign 69)
  selected {'n_estimators': 100, 'max_depth': None, 'max_features': 'sqrt', 'min_samples_leaf': 5} (inner macro-F1=0.989847)
  OUTER acc=0.999944 macroF1=0.925912 AP=1.000000 FPR=0.0

fold 2: train[0:1867212] (1,867,212, benign 487)  test[1867212:2298107] (430,895, benign 48)
  selected {'n_estimators': 200, 'max_depth': None, 'max_features': 'sqrt', 'min_samples_leaf': 1} (inner macro-F1=0.974571)
  OUTER acc=1.000000 macroF1=1.000000 AP=1.000000 FPR=0.0

fold 3: train[0:2298107] (2,298,107, benign 535)  test[2298107:2729002] (430,895, benign 54)
  selected {'n_estimators': 100, 'max_depth': None, 'max_features': 0.3, 'min_samples_leaf': 1} (inner macro-F1=0.987804)
  OUTER acc=0.999998 macroF1=0.995412 AP=1.000000 FPR=0.0

fold 4: train[0:2729002] (2,729,002, benign 589)  test[2729002:3159897] (430,895, benign 296)
  selected {'n_estimators': 100, 'max_depth': None, 'max_features': 'sqrt', 'min_samples_leaf': 1} (inner macro-F1=0.895338)
  OUTER acc=0.999998 macroF1=0.999156 AP=1.000000 FPR=0.0

fold 5: train[0:3159897] (3,159,897, benign 885)  test[3159897:3590794] (430,897, benign 30,129)
  selected {'n_estimators': 200, 'max_depth': None, 'max_features': 'sqrt', 'min_samples_leaf': 5} (inner macro-F1=0.987128)
  OUTER acc=0.993750 macroF1=0.976921 AP=0.999866 FPR=0.00016595306847223606

outer-fold summary: {
  "accuracy": 0.998738,
  "macro_f1": 0.97948,
  "avg_precision": 0.999973,
  "roc_auc": 0.999632,
  "precision": 0.999997,
  "recall": 0.998647,
  "fpr": 3.3e-05,
  "fnr": 0.001353
}

Wrote C:\Users\adeel\OneDrive\Desktop\xai sdn full paper\REVISION_2026\04_results\E15_protocol.json
