loaded cached original matrix (3590794, 88)
H_ttl identically zero: False
Describing original 88-feature set...
  mutual information on 200,000 rows...
    91.3s
  single-feature AUC...
    5.1s
  constant features: ['Bwd_PSH_Flags', 'Fwd_URG_Flags', 'Bwd_URG_Flags', 'FIN_Flag_Count', 'PSH_Flag_Count', 'ECE_Flag_Count', 'Fwd_Avg_Bytes_Bulk', 'Fwd_Avg_Packets_Bulk', 'Fwd_Avg_Bulk_Rate', 'Bwd_Avg_Bytes_Bulk', 'Bwd_Avg_Packets_Bulk', 'Bwd_Avg_Bulk_Rate']
Rebuilding with source-port entropy in place of TTL entropy...
  H_src_port computed in 3.9s
  H_src_port std=0.2450 unique=26,420
Describing repaired 88-feature set...
  mutual information on 200,000 rows...
    92.8s
  single-feature AUC...
    6.1s
Re-baselining (temporal split)...
  [original (H_ttl constant)] acc=0.997538 macroF1=0.978467 AUC=0.999721 AP=0.999992 FPR=0.0011172450052576235 FNR=0.002500940957541321
  [repaired (H_src_port)] acc=0.997579 macroF1=0.978813 AUC=0.999728 AP=0.999992 FPR=0.000952944269190326 FNR=0.002463684770626076

Wrote C:\Users\adeel\OneDrive\Desktop\xai sdn full paper\REVISION_2026\04_results\E16_feature_audit.json
Adopt the repaired feature set. H_ttl carries exactly zero information; H_src_port is well-posed, non-constant and available in every CICFlowMeter export. The 88-dimensional representation is preserved.
