{
  "identical_to": "E1 Protocol B",
  "train_range": [
    2413556,
    2513556
  ],
  "test_range": [
    2513556,
    2553556
  ],
  "n_train": 100000,
  "n_test": 40000,
  "train_benign": 17,
  "test_benign": 0
}
  fallback to stratified subsample

1D-CNN
C:\Users\adeel\OneDrive\Desktop\xai sdn full paper\REVISION_2026\03_experiments\e9_deep_baselines.py:161: UserWarning: Converting a tensor with requires_grad=True to a scalar may lead to unexpected behavior.
Consider using tensor.detach() first. (Triggered internally at C:\actions-runner\_work\pytorch\pytorch\torch\csrc\autograd\generated\python_variable_methods.cpp:821.)
  tot += float(loss) * len(i)
    CNN epoch 1/8 loss=0.00085
    CNN epoch 2/8 loss=0.00046
    CNN epoch 3/8 loss=0.00002
    CNN epoch 4/8 loss=0.00027
    CNN epoch 5/8 loss=0.00003
    CNN epoch 6/8 loss=0.00046
    CNN epoch 7/8 loss=0.00010
    CNN epoch 8/8 loss=0.00007
  1D-CNN           acc=0.97935 F1=0.81743 AP=0.99079 train=14.6s p50=0.0982ms

LSTM
    LSTM epoch 1/8 loss=0.00030
    LSTM epoch 2/8 loss=0.00015
    LSTM epoch 3/8 loss=0.00008
    LSTM epoch 4/8 loss=0.00005
    LSTM epoch 5/8 loss=0.00003
    LSTM epoch 6/8 loss=0.00002
    LSTM epoch 7/8 loss=0.00002
    LSTM epoch 8/8 loss=0.00001
  LSTM             acc=0.98980 F1=0.91019 AP=0.99989 train=24.53s p50=0.2095ms

Transformer
    Transformer epoch 1/8 loss=0.00008
    Transformer epoch 2/8 loss=0.00002
    Transformer epoch 3/8 loss=0.00000
    Transformer epoch 4/8 loss=0.00000
    Transformer epoch 5/8 loss=0.00000
    Transformer epoch 6/8 loss=0.00000
    Transformer epoch 7/8 loss=0.00000
    Transformer epoch 8/8 loss=0.00002
  Transformer      acc=0.96914 F1=0.81412 AP=0.99973 train=131.35s p50=0.3606ms

Autoencoder (benign-only, reconstruction error)
    AE epoch 1/8 mse=1441154.46138
    AE epoch 2/8 mse=1431441.45361
    AE epoch 3/8 mse=1425568.74324
    AE epoch 4/8 mse=1419069.04167
    AE epoch 5/8 mse=1412080.39948
    AE epoch 6/8 mse=1405803.20790
    AE epoch 7/8 mse=1399359.80542
    AE epoch 8/8 mse=1391159.58318
  Autoencoder      acc=0.02937 F1=0.02855 AP=0.96577 train=0.02s p50=0.0407ms

GNN (2-layer graph convolution over a kNN flow graph)
C:\Users\adeel\OneDrive\Desktop\xai sdn full paper\REVISION_2026\03_experiments\e9_deep_baselines.py:394: UserWarning: Sparse invariant checks are implicitly disabled. Memory errors (e.g. SEGFAULT) will occur when operating on a sparse tensor which violates the invariants, but checks incur performance overhead. To silence this warning, explicitly opt in or out. See `torch.sparse.check_sparse_tensor_invariants.__doc__` for guidance.  (Triggered internally at C:\actions-runner\_work\pytorch\pytorch\aten\src\ATen\Context.cpp:855.)
  A = torch.sparse_coo_tensor(torch.from_numpy(ei), vals,
    GNN step 50/300 loss=0.00039 val AUC=1.0000
    GNN step 100/300 loss=0.00037 val AUC=1.0000
    GNN step 150/300 loss=0.00036 val AUC=1.0000
    GNN step 200/300 loss=0.00036 val AUC=1.0000
    GNN step 250/300 loss=0.00034 val AUC=1.0000
    GNN step 300/300 loss=0.00034 val AUC=1.0000
    selected epoch 10 (val AUC=1.0000); test AUC=0.9973
  GNN              acc=0.02880 F1=0.02799 AP=0.99992 train=46.77s p50=nanms

Wrote C:\Users\adeel\OneDrive\Desktop\xai sdn full paper\REVISION_2026\04_results\E9_deep_baselines.json
